border_size=1
usage=map

Ww          , Ww          , Wo          , Ww          , Ww          , Ww          , Ww          , Ww          , Ww^Bw\      , Gg          , Gs^Vht      , Rd          , Rd          , Rd          , Rp          , Rp          , Gg^Fet      , Gg^Fet      , Gg^Fet      , Gg^Fet      , Gg^Fet      , Gg^Fet      , Gg^Fet      , Gg^Fet      , Ch          , Ch          , Ch          , Rd          , Rd          , Rd          , Rd          
Ww          , Wo          , Ww          , Wo          , Ww          , Ww          , Ww          , Ww          , Gg^Ve       , Gg          , Rd          , Rd          , Ch          , Ch          , Ch          , Ch          , Ch          , Rd          , Gg^Vh       , Rd          , Rp          , Rd          , Rd          , Ch          , Cv          , Ch          , Co          , Ch          , Co          , Rd          , Rd          
Ww          , Wo          , Wo          , Wo          , Ww          , Ww          , Ww          , Ww^Bw\      , Rp          , Rp          , Rp          , Rd          , Ch          , Cv          , Cv          , Cv          , Ch          , Rp          , Rp          , Gg^Fet      , Gg^Fet      , Rp          , Rp          , Ch          , Co          , Co          , Co          , Co          , Rd          , Rd          , Rd          
Ww          , Ww          , Ww          , Ww          , Ww          , Ww^Bw\      , Rp          , Rp          , Gg          , Gg^Ve       , Rp          , Ch          , Cv          , Cv          , 2 Kh        , Cv          , Cv          , Ch          , Rp          , Rp          , Gg^Fet      , Gg^Vh       , Rp          , Rp          , Rp          , Rp          , Rp          , Gg^Vh       , Rp          , 1 Rd        , Rd          
Ww          , Ww          , Ww^Bw\      , Ww          , Gs^Vht      , Rp          , Gg^Vh       , Rp          , Rp          , Rp          , Rp          , Ch          , Ch          , Cv          , Cv          , Cv          , Ch          , Ch          , Rp          , Rp          , Rp          , Rp          , Gg^Fet      , Rp          , Gg^Fet      , Gg^Fet      , Rp          , Rp          , Rp          , Rd          , Rd          
Ww^Bw\      , Ww          , Gg          , Rd          , Gg          , Rd          , Gg          , Rp          , Gs^Vht      , Rp          , Rp          , Rd          , Ch          , Cv          , Ch          , Rp^Vhc      , Rp          , Rp^Vhc      , Gg^Fet      , Gg^Vh       , Rp          , Rp          , Rp          , Rp          , Rp          , Gg^Vh       , Rp          , Rp          , Rp          , Gs          , Gs          
Gg          , Gg          , Rd          , Gg^Ve       , Gs          , 4 Gg        , Gg^Vh       , Rp          , Rp          , Rp          , Rp          , Rp          , Rp          , Ch          , Rp          , Rd          , Rp          , Gg^Fet      , Gg^Vh       , Gg^Fet      , Rp          , Rd          , Gg^Vh       , Rp          , Rp          , Rp          , Gg^Fet      , Gg^Vh       , Rp          , Gs          , Gs          
Re          , Gg          , Gs          , Rd          , Rd          , Gs          , Rp          , Rp          , Gs          , Gg^Vh       , Rp^Vhc      , Rp          , Rp          , Rp          , Rp          , Rp          , Rp          , Gg^Fet      , Ch          , Ch          , Rd          , Rd          , Rd          , Rp          , Gg^Fet      , Gg^Fet      , Gs          , Rp          , Rp          , Gg^Fet      , Gs          
Gs          , Gs          , Gs          , Rd          , Rd          , Rp          , Gs          , Gs          , Gg^Fet      , Gg^Vh       , Gg^Fet      , Gg^Fet      , Gg^Vh       , Rp          , Rp          , Rp          , Rd          , Ch          , Ch          , Rp          , Rp          , Ch          , Ch          , Rp          , Rp          , Gg^Vh       , Rp          , Rp          , Gg^Fet      , Gg^Fet      , Gs          
Gs          , Re          , Re          , Gg^Vh       , Rp          , Rp          , Gg^Vh       , Gg^Vh       , Gg^Vh       , Rp^Vhc      , Gg^Fet      , Gg^Ve       , Gg^Vh       , Rp^Vhc      , Rd          , Rp          , Rp          , Ch          , Rp          , Rp          , Ch          , Rp          , Rp          , Ch          , Ch          , Rp          , Ch          , Gg^Fet      , Ch          , Gs          , Re          
Gs          , Re          , Re          , Gs          , Gs          , Rp          , Rp          , Rp          , Rp          , Gs          , Rp          , Gs          , Rd          , Rd          , Ch          , Ch          , Rp          , Rp          , Rp          , Rp          , Rp          , Ch          , Rp          , Gs          , Gs          , Ch          , Gs          , Ch          , Rd          , Gs          , Re          
Gs          , Re          , 3 Kh        , Rp          , Kh          , Rp          , Rp          , Rp          , Re          , Rp          , Rp          , Rp          , Ch          , Ch          , Rd          , Rd          , Rd          , Rp          , Rp          , Rp          , Gg^Vh       , Rp          , Gs          , Gs          , Gs          , Gs          , Gs          , Gs          , Rd          , Gg^Vh       , Re          
Gs          , Ch          , Cv          , Cv          , Cv          , Kh          , Gs          , Re          , Re          , Re          , Rp          , Gs          , Rd          , Ch          , Ch          , Ch          , Rd          , Rd          , Rp          , Rp          , Rd          , Rd          , Rp          , Rp          , Rp          , Rp^Vhc      , Re          , Gs          , Gs          , Gs          , Re          
Gs          , Ch          , Cv          , Cv          , Cv          , Cv          , Gs          , Gs          , Rp          , Rp          , Re          , Re          , Re          , Ch          , Rd          , Rd          , Rp          , Rp          , Rp          , Gg^Vh       , Rd          , Rp          , Re          , Re          , Rp^Vhc      , Rp          , Gg^Vh       , Gs          , Gs          , Rp^Vhc      , Re          
Gs          , Ch          , Ch          , Cv          , Ch          , Kh          , Rp          , Rp          , Rp          , Gs          , Gs          , Rp          , Rp          , Rp          , Gg^Vh       , Rp          , Rp          , Rp          , Rp          , Rd          , Rp          , Rp          , Gs          , Rp^Vhc      , Rp          , Rp          , Re          , Gs          , Gs          , Re          , Re          
Re          , Gs          , Re          , Rp          , Gs          , Gs          , Rp          , Rp          , Re          , Gs          , Gs          , Rp          , Rp          , Rp          , Rp          , Rp          , Rp          , Rp          , Rp          , Rp          , Rp          , Rp          , Rp          , Rp          , Gs          , Rp          , Re          , Re          , Re          , Re          , Re          
